// Vitest Snapshot v1, https://vitest.dev/guide/snapshot.html

exports[`Link > applies brand variant styles 1`] = `
<a
  class="fs_displaySm fw_bold c_accent td_none focusVisible:ring_2px_solid focusVisible:ring-c_focusRing focusVisible:bdr_md"
  href="/"
>
  Brand
</a>
`;

exports[`Link > applies nav variant styles 1`] = `
<a
  class="c_ink.muted td_none fw_500 min-h_44px d_inline-flex ai_center hover:c_accent focusVisible:ring_2px_solid focusVisible:ring-c_focusRing focusVisible:bdr_md"
  href="/services"
>
  Services
</a>
`;

exports[`Link > applies subtle variant styles 1`] = `
<a
  class="c_ink.muted td_none hover:c_ink.muted focusVisible:ring_2px_solid focusVisible:ring-c_ink.muted focusVisible:bdr_sm"
  href="/help"
>
  Help
</a>
`;

exports[`Link > uses primary variant by default 1`] = `
<a
  class="c_accent td_underline fw_600 hover:c_accent.strong focusVisible:ring_2px_solid focusVisible:ring-c_focusRing focusVisible:bdr_sm"
  href="/test"
>
  Primary Link
</a>
`;
